{
    "name": "yourorg/yourtempaltepackage",
    "description": "Your template package description",
    "type": "project",
    "license": "proprietary",
    "require": {
        "php": ">=8.2",
        "monolog/monolog": "^2.0"
    }
}
